../nRF24L01/Src/nRF24L01.c:322:13:write_data	40	static
../nRF24L01/Src/nRF24L01.c:250:13:flush_tx	16	static
../nRF24L01/Src/nRF24L01.c:254:13:flush_rx	16	static
../nRF24L01/Src/nRF24L01.c:296:13:write_reg_byte	24	static
../nRF24L01/Src/nRF24L01.c:308:16:read_reg_byte	40	static
../nRF24L01/Src/nRF24L01.c:49:6:debugf	8	static
../nRF24L01/Src/nRF24L01.c:101:6:nRF24L01_IRQ_allDisable	8	static
../nRF24L01/Src/nRF24L01.c:107:6:nRF24L01_Pipe_allDisable	8	static
../nRF24L01/Src/nRF24L01.c:112:6:nRF24L01_Pipe_Enable	8	static
../nRF24L01/Src/nRF24L01.c:117:6:nRF24L01_Pipe_Disable	8	static
../nRF24L01/Src/nRF24L01.c:127:6:nRF24L01_setAddrWidth	8	static
../nRF24L01/Src/nRF24L01.c:131:6:nRF24L01_setAutoRetr	8	static
../nRF24L01/Src/nRF24L01.c:136:6:nRF24L01_setRFChannel	8	static
../nRF24L01/Src/nRF24L01.c:140:6:nRF24L01_setDataRate	8	static
../nRF24L01/Src/nRF24L01.c:147:6:nRF24L01_setRFPower	8	static
../nRF24L01/Src/nRF24L01.c:154:6:nRF24L01_PowerUp	8	static
../nRF24L01/Src/nRF24L01.c:159:6:nRF24L01_PowerDown	8	static
../nRF24L01/Src/nRF24L01.c:165:6:nRF24L01_setPipeAddr	16	static
../nRF24L01/Src/nRF24L01.c:180:6:nRF24L01_DynamicPayload_Enable	8	static
../nRF24L01/Src/nRF24L01.c:57:6:nRF24L01_init	32	static
../nRF24L01/Src/nRF24L01.c:185:6:nRF24L01_DynamicPayload_Disable	8	static
../nRF24L01/Src/nRF24L01.c:192:6:nRF24L01_setPRIMx	8	static
../nRF24L01/Src/nRF24L01.c:199:19:nRF24L01_Transmit	16	static
../nRF24L01/Src/nRF24L01.c:219:6:nRF24L01_listen	8	static
../nRF24L01/Src/nRF24L01.c:227:9:nRF24L01_available	8	static
../nRF24L01/Src/nRF24L01.c:231:9:nRF24L01_getPayloadWidth	8	static
../nRF24L01/Src/nRF24L01.c:235:6:nRF24L01_Receive	48	static
